FFLY,0.3854,4,11,1
FFLY,0.3854,1,13,1
===DOT===
SELL,21,8
===ETH===
BUY,412,31
BUY,410.5,27
===FFLY===
SELL,0.3853,5
